// Jest Snapshot v1, https://goo.gl/fbAQLP

exports[`VoteCommand constructor should have valid schema 1`] = `
{
  "$id": "anchor/vote",
  "properties": {
    "anchorID": {
      "dataType": "bytes",
      "fieldNumber": 1,
    },
  },
  "required": [
    "anchorID",
  ],
  "title": "VoteAsset transaction asset for anchor module",
  "type": "object",
}
`;
