// Jest Snapshot v1, https://goo.gl/fbAQLP

exports[`PurchaseCommand constructor should have valid schema 1`] = `
Object {
  "$id": "subscription/purchase",
  "properties": Object {
    "members": Object {
      "fieldNumber": 2,
      "items": Object {
        "dataType": "bytes",
      },
      "type": "array",
    },
    "subscriptionID": Object {
      "dataType": "bytes",
      "fieldNumber": 1,
    },
  },
  "required": Array [
    "subscriptionID",
    "members",
  ],
  "title": "PurchaseAsset transaction asset for subscription module",
  "type": "object",
}
`;
