// Jest Snapshot v1, https://goo.gl/fbAQLP

exports[`DestroyCommand constructor should have valid schema 1`] = `
{
  "$id": "collection/destroy",
  "properties": {
    "collectionID": {
      "dataType": "bytes",
      "fieldNumber": 1,
    },
  },
  "required": [
    "collectionID",
  ],
  "title": "DestroyAsset transaction asset for collection module",
  "type": "object",
}
`;
