// Jest Snapshot v1, https://goo.gl/fbAQLP

exports[`TransferCommand constructor should have valid schema 1`] = `
Object {
  "$id": "collection/transfer",
  "properties": Object {
    "address": Object {
      "dataType": "bytes",
      "fieldNumber": 2,
      "format": "lisk32",
    },
    "collectionID": Object {
      "dataType": "bytes",
      "fieldNumber": 1,
    },
  },
  "required": Array [
    "collectionID",
    "address",
  ],
  "title": "TransferAsset transaction asset for collection module",
  "type": "object",
}
`;
