// Jest Snapshot v1, https://goo.gl/fbAQLP

exports[`CreateCommand constructor should have valid schema 1`] = `
{
  "$id": "badge/create",
  "properties": {
    "anchorID": {
      "dataType": "bytes",
      "fieldNumber": 1,
    },
    "awardDate": {
      "dataType": "string",
      "fieldNumber": 4,
    },
    "awardedTo": {
      "dataType": "bytes",
      "fieldNumber": 2,
      "format": "lisk32",
    },
    "rank": {
      "dataType": "uint32",
      "fieldNumber": 5,
    },
    "type": {
      "dataType": "string",
      "fieldNumber": 3,
    },
  },
  "required": [
    "anchorID",
    "awardedTo",
    "type",
    "awardDate",
    "rank",
  ],
  "title": "CreateAsset transaction asset for badge module",
  "type": "object",
}
`;
