// Jest Snapshot v1, https://goo.gl/fbAQLP

exports[`DestroyCommand constructor should have valid schema 1`] = `
{
  "$id": "badge/destroy",
  "properties": {
    "badgeID": {
      "dataType": "bytes",
      "fieldNumber": 1,
    },
  },
  "required": [
    "badgeID",
  ],
  "title": "DestroyAsset transaction asset for badge module",
  "type": "object",
}
`;
