// Jest Snapshot v1, https://goo.gl/fbAQLP

exports[`DestroyCommand constructor should have valid schema 1`] = `
Object {
  "$id": "audio/destroy",
  "properties": Object {
    "audioID": Object {
      "dataType": "bytes",
      "fieldNumber": 1,
    },
  },
  "required": Array [
    "audioID",
  ],
  "title": "DestroyAsset transaction asset for audio module",
  "type": "object",
}
`;
