// Jest Snapshot v1, https://goo.gl/fbAQLP

exports[`ReclaimCommand constructor should have valid schema 1`] = `
Object {
  "$id": "audio/reclaim",
  "properties": Object {
    "id": Object {
      "dataType": "bytes",
      "fieldNumber": 1,
    },
  },
  "required": Array [
    "id",
  ],
  "title": "ReclaimAsset transaction asset for audio module",
  "type": "object",
}
`;
