// Jest Snapshot v1, https://goo.gl/fbAQLP

exports[`TransferCommand constructor should have valid schema 1`] = `
Object {
  "$id": "audio/transfer",
  "properties": Object {
    "address": Object {
      "dataType": "bytes",
      "fieldNumber": 2,
      "format": "lisk32",
    },
    "audioID": Object {
      "dataType": "bytes",
      "fieldNumber": 1,
    },
    "shares": Object {
      "dataType": "uint32",
      "fieldNumber": 3,
    },
  },
  "required": Array [
    "audioID",
    "address",
  ],
  "title": "TransferAsset transaction asset for audio module",
  "type": "object",
}
`;
